// Jest Snapshot v1, https://goo.gl/fbAQLP

exports[`Image renders 1`] = `
<div class="link-preview-image-container">
  <a href="http://www.liferay.com" rel="noopener noreferrer" target="_blank" class="image-link">
    <img alt="Liferay" src="/loop-portlet/images/cover_images/cover_image_2_web.jpg">
  </a>
</div>
`;
