// Jest Snapshot v1, https://goo.gl/fbAQLP

exports[`EntityInputList renders 1`] = `
<span>
  <label class="label-container"></label>
  <div class="input-list-container">
    <div class="autocomplete-input-container">
      <div class="input-container row">
        <input id="inputList1" placeholder="search" value="" type="text" ref="input">
      </div>
    </div>
  </div>
</span>
`;
