// Jest Snapshot v1, https://goo.gl/fbAQLP

exports[`EntityListModal renders 1`] = `
<div class="entity-list-modal-container">
  <div class="modal-header-container">
    <h1 class="title" ref="title" tabindex="0"></h1>
    <svg tabindex="0" class="loop-icon-container loop-icon-close-long loop-icon-small-1x modal-close" data-tooltip="">
      <use href="#loop-icon-close-long-16"></use>
    </svg>
  </div>
  <div class="modal-body-container modal-body-scrollable">
    <div class="loading-wrapper-container">
      <div class="loading-content">
        <ul></ul>
      </div>
    </div>
  </div>
</div>
`;
