// Jest Snapshot v1, https://goo.gl/fbAQLP

exports[`EntityListCard renders 1`] = `
<div class="card-container entity-list-card-container">
  <div class="card-header-container"></div>
  <div class="loading-wrapper-container loading">
    <div class="spinner-container">
      <div class="spinner"></div>
    </div>
  </div>
</div>
`;
