// Jest Snapshot v1, https://goo.gl/fbAQLP

exports[`Preview renders 1`] = `
<div class="post-preview-container">
  <div class="modal-body-container">
    <div class="post-header-container">
      <div class="avatar-container" id="unit_tests_namespace_ENTITY_SUMMARY1">
        <a style="" class="avatar avatar-size-small">
          <div class="avatar-placeholder">
            <svg class="loop-icon-container loop-icon-undefined loop-icon-large-1x" data-tooltip="">
              <use href="#loop-icon-undefined-24"></use>
            </svg>
          </div>
        </a>
      </div>
      <div class="header-text-container">
        <span class="shared-to-summary-container">
          <a class="entity-link-container" href="javascript:;"></a>
        </span>
        <a class="secondary-info">
          <span data-tooltip=""></span>
        </a>
      </div>
    </div>
    <div class="post-content-container">
      <div class="link-preview-container">
        <div class="link-preview-content-container">
          <div class="title">
            <a rel="noopener noreferrer" target="_blank"></a>
          </div>
          <div class="short-url">
            <a rel="noopener noreferrer" target="_blank"></a>
          </div>
          <div class="description">
            <a rel="noopener noreferrer" target="_blank"></a>
          </div>
        </div>
      </div>
    </div>
  </div>
  <div class="modal-footer-container">
    <button class="btn btn-container btn-secondary" type="button">back</button>
    <button disabled="" class="btn btn-container btn-primary" type="button">post</button>
  </div>
</div>
`;
