// Jest Snapshot v1, https://goo.gl/fbAQLP

exports[`FilterCheckbox renders correctly 1`] = `
<div>
  <div
    class="filter-checkbox-container"
  >
    <label>
      <input
        class="filter-checkbox"
        name="test label"
        type="checkbox"
        value="checkbox value"
      />
      <span
        class="filter-checkbox-label"
      >
        test label
      </span>
    </label>
  </div>
</div>
`;
