// Jest Snapshot v1, https://goo.gl/fbAQLP

exports[`SearchFilter renders correctly with both filters preselected 1`] = `
<div>
  <form
    action="/"
    method="get"
  >
    <input
      name="p_p_id"
      type="hidden"
      value="com_liferay_osb_customer_downloads_display_web_DownloadsDisplayPortlet"
    />
    <div
      class="search-filters"
    >
      <div
        class="search-filter-container"
      >
        <label
          class="control-label"
          for="namespaceproductAssetCategoryId"
        >
          product:
        </label>
        <select
          class="form-control"
          id="namespaceproductAssetCategoryId"
          name="namespaceproductAssetCategoryId"
        >
          <option
            value=""
          >
            select-product
          </option>
          <option
            label="Product One"
            value="product_one"
          >
            Product One
          </option>
          <option
            label="Product Two"
            value="product_two"
          >
            Product Two
          </option>
        </select>
      </div>
      <div
        class="search-filter-container"
      >
        <label
          class="control-label"
          for="namespacefileTypeAssetCategoryId"
        >
          file-type:
        </label>
        <select
          class="form-control"
          id="namespacefileTypeAssetCategoryId"
          name="namespacefileTypeAssetCategoryId"
        >
          <option
            value=""
          >
            select-file-type
          </option>
        </select>
      </div>
    </div>
  </form>
</div>
`;

exports[`SearchFilter renders correctly with no selection 1`] = `
<div>
  <form
    action="/"
    method="get"
  >
    <input
      name="p_p_id"
      type="hidden"
      value="com_liferay_osb_customer_downloads_display_web_DownloadsDisplayPortlet"
    />
    <div
      class="search-filters"
    >
      <div
        class="search-filter-container"
      >
        <label
          class="control-label"
          for="namespaceproductAssetCategoryId"
        >
          product:
        </label>
        <select
          class="form-control"
          id="namespaceproductAssetCategoryId"
          name="namespaceproductAssetCategoryId"
        >
          <option
            value=""
          >
            select-product
          </option>
          <option
            label="Product One"
            value="product_one"
          >
            Product One
          </option>
          <option
            label="Product Two"
            value="product_two"
          >
            Product Two
          </option>
        </select>
      </div>
      <div
        class="search-filter-container"
      >
        <label
          class="control-label"
          for="namespacefileTypeAssetCategoryId"
        >
          file-type:
        </label>
        <select
          class="form-control"
          id="namespacefileTypeAssetCategoryId"
          name="namespacefileTypeAssetCategoryId"
        >
          <option
            value=""
          >
            select-file-type
          </option>
        </select>
      </div>
    </div>
  </form>
</div>
`;
