// Jest Snapshot v1, https://goo.gl/fbAQLP

exports[`Accordion renders correctly 1`] = `
<div>
  <div
    aria-orientation="vertical"
    class="panel-group"
    role="tablist"
  >
    <div
      class="panel"
    >
      <button
        class="btn-link panel-header"
        role="tab"
        type="button"
      >
        <div
          class="panel-title"
        >
          Accordion Title 1
        </div>
        <svg
          class="lexicon-icon lexicon-icon-angle-right"
        >
          <use
            xlink:href="#angle-right"
          />
        </svg>
      </button>
    </div>
    <div
      class="panel"
    >
      <button
        class="btn-link panel-header"
        role="tab"
        type="button"
      >
        <div
          class="panel-title"
        >
          Accordion Title 2
        </div>
        <svg
          class="lexicon-icon lexicon-icon-angle-right"
        >
          <use
            xlink:href="#angle-right"
          />
        </svg>
      </button>
    </div>
  </div>
</div>
`;
