// Jest Snapshot v1, https://goo.gl/fbAQLP

exports[`AssignChildrenModal renders 1`] = `
<div class="loading-wrapper-container loading assign-parent-modal-container">
  <div class="mask">
    <div class="spinner-container">
      <div class="spinner"></div>
    </div>
  </div>
  <div class="loading-content">
    <div class="modal-header-container">
      <h1 class="title" ref="title" tabindex="0">x-contains</h1>
      <svg tabindex="0" class="loop-icon-container loop-icon-close-long loop-icon-small-1x modal-close" data-tooltip="">
        <use href="#loop-icon-close-long-16"></use>
      </svg>
    </div>
    <div class="modal-body-container">
      <div class="input-list-container">
        <div class="autocomplete-input-container">
          <div class="input-container row">
            <input id="inputList1" placeholder="assign-x" value="" type="text" ref="input">
          </div>
        </div>
      </div>
    </div>
    <div class="modal-footer-container">
      <button class="btn btn-container btn-secondary" type="button">cancel</button>
      <button class="btn btn-container btn-primary" type="button">save</button>
    </div>
  </div>
</div>
`;
