// Jest Snapshot v1, https://goo.gl/fbAQLP

exports[`CropImageModal renders 1`] = `
<div class="crop-image-modal-container">
  <div class="modal-header-container">
    <h1 class="title" ref="title" tabindex="0">crop-image</h1>
    <svg tabindex="0" class="loop-icon-container loop-icon-close-long loop-icon-small-1x modal-close" data-tooltip="">
      <use href="#loop-icon-close-long-16"></use>
    </svg>
  </div>
  <div class="modal-body-container">
    <div class="image-cropper">
      <img class="crop-image">
    </div>
  </div>
  <div class="modal-footer-container">
    <button class="btn btn-container btn-secondary" type="button">cancel</button>
    <button class="btn btn-container btn-primary" type="button">save</button>
  </div>
</div>
`;
