// Jest Snapshot v1, https://goo.gl/fbAQLP

exports[`GroupsCount renders 1`] = `
<a href="/people/0/groups">
  <span class="loop-icon-label-container" data-tooltip="">
    <svg class="loop-icon-container loop-icon-groups loop-icon-small-1x loop-icon-primary" data-tooltip="">
      <use href="#loop-icon-groups-16"></use>
    </svg>
    <span class="loop-icon-label">x-groups</span>
  </span>
</a>
`;
